../Drivers/Radio/radio.c:705:13:RadioInit	16	static
../Drivers/Radio/radio.c:738:21:RadioGetStatus	8	static
../Drivers/Radio/radio.c:753:13:RadioSetModem	16	static
../Drivers/Radio/radio.c:804:13:RadioSetChannel	16	static
../Drivers/Radio/radio.c:809:13:RadioIsChannelFree	96	static
../Drivers/Radio/radio.c:846:17:RadioRandom	16	static
../Drivers/Radio/radio.c:861:13:RadioSetRxConfig	48	static
../Drivers/Radio/radio.c:1050:13:RadioSetTxConfig	32	static
../Drivers/Radio/radio.c:1160:13:RadioCheckRfFrequency	16	static
../Drivers/Radio/radio.c:1165:17:RadioGetLoRaBandwidthInHz	24	static
../Drivers/Radio/radio.c:1206:17:RadioGetGfskTimeOnAirNumerator	16	static
../Drivers/Radio/radio.c:1215:17:RadioGetLoRaTimeOnAirNumerator	48	static
../Drivers/Radio/radio.c:1279:17:RadioTimeOnAir	48	static
../Drivers/Radio/radio.c:1312:23:RadioSend	24	static
../Drivers/Radio/radio.c:1445:13:RadioSleep	16	static
../Drivers/Radio/radio.c:1455:13:RadioStandby	8	static
../Drivers/Radio/radio.c:1460:13:RadioRx	16	static
../Drivers/Radio/radio.c:1502:13:RadioRxBoosted	16	static
../Drivers/Radio/radio.c:1543:13:RadioSetRxDutyCycle	16	static
../Drivers/Radio/radio.c:1555:13:RadioStartCad	8	static
../Drivers/Radio/radio.c:1567:13:RadioSetTxContinuousWave	24	static
../Drivers/Radio/radio.c:1594:16:RadioRssi	16	static
../Drivers/Radio/radio.c:1599:13:RadioWrite	16	static
../Drivers/Radio/radio.c:1604:16:RadioRead	16	static
../Drivers/Radio/radio.c:1609:13:RadioWriteRegisters	16	static
../Drivers/Radio/radio.c:1614:13:RadioReadRegisters	16	static
../Drivers/Radio/radio.c:1619:13:RadioSetMaxPayloadLength	16	static
../Drivers/Radio/radio.c:1636:13:RadioSetPublicNetwork	16	static
../Drivers/Radio/radio.c:1655:17:RadioGetWakeupTime	8	static
../Drivers/Radio/radio.c:1694:13:RadioOnDioIrq	16	static
../Drivers/Radio/radio.c:1701:13:RadioIrqProcess	24	static
../Drivers/Radio/radio.c:1881:13:RadioTxPrbs	8	static
../Drivers/Radio/radio.c:1889:13:RadioTxCw	24	static
../Drivers/Radio/radio.c:1899:13:payload_integration	40	static
../Drivers/Radio/radio.c:1937:16:RadioSetRxGenericConfig	56	static
../Drivers/Radio/radio.c:2115:16:RadioSetTxGenericConfig	64	static
../Drivers/Radio/radio.c:2353:23:RadioLrFhssSetCfg	24	static
../Drivers/Radio/radio.c:2384:23:RadioLrFhssGetTimeOnAirInMs	16	static
